[16:07:06] [ServerMain/INFO]: [bootstrap] Running Java 25 (OpenJDK 64-Bit Server VM 25.0.4.1+1-1-24.04.4-Ubuntu; Ubuntu null) on Linux 6.8.0-1064-azure (amd64)
[16:07:06] [ServerMain/INFO]: [bootstrap] Loading Paper 26.2-121-main@a2a42c5 (2026-08-29T11:32:25Z) for Minecraft 26.2
[16:07:06] [ServerMain/INFO]: [PluginInitializerManager] Initializing plugins...
[16:07:08] [ServerMain/INFO]: [xyz.atrius.waystones.WaystonesLoader] Resolving external dependencies, this could take a bit...
[16:07:09] [ServerMain/INFO]: [PluginInitializerManager] Initialized 13 plugins
[16:07:09] [ServerMain/INFO]: [PluginInitializerManager] Paper plugins (1):
 - Waystones (2.4.0)
[16:07:09] [ServerMain/INFO]: [PluginInitializerManager] Bukkit plugins (12):
 - BlockShips (0.0.17), CarryOnPaper (1.0.1), ChestLockLite (1.2.0), DrugsV2 (2.1), Geyser-Spigot (2.11.3-SNAPSHOT), GravesX (2026.4.9.2), Hammer (1.0.0), SkinsRestorer (15.12.6), ViaBackwards (5.12.0), ViaVersion (5.12.0), floodgate (2.2.5-SNAPSHOT (b141-81b65cc)), yourShikaBackpacks (1.3.2)
[16:07:13] [DataConverter MCTypeRegistry init thread/INFO]: [ca.spottedleaf.dataconverter.minecraft.datatypes.MCTypeRegistry] Initialising converters for DataConverter...
[16:07:13] [ServerMain/INFO]: Environment: Environment[sessionHost=https://sessionserver.mojang.com, servicesHost=https://api.minecraftservices.com, profilesHost=https://api.mojang.com, name=PROD]
[16:07:14] [DataConverter MCTypeRegistry init thread/INFO]: [ca.spottedleaf.dataconverter.minecraft.datatypes.MCTypeRegistry] Finished initialising converters for DataConverter in 713.3ms
[16:07:14] [ServerMain/WARN]: Error reading pack metadata, attempting fallback type
com.google.gson.JsonParseException: Pack declares support for version newer than 81, but is missing mandatory fields min_format and max_format
	at com.mojang.serialization.DataResult$Error.getOrThrow(DataResult.java:287) ~[datafixerupper-10.0.21.jar:?]
	at net.minecraft.server.packs.resources.ResourceMetadata$2.getSection(ResourceMetadata.java:38) ~[paper-26.2.jar:26.2-121-a2a42c5]
	at net.minecraft.server.packs.AbstractPackResources.getMetadataSection(AbstractPackResources.java:24) ~[paper-26.2.jar:26.2-121-a2a42c5]
	at net.minecraft.server.packs.repository.Pack.readPackMetadata(Pack.java:51) ~[paper-26.2.jar:26.2-121-a2a42c5]
	at net.minecraft.server.packs.repository.Pack.readMetaAndCreate(Pack.java:32) ~[paper-26.2.jar:26.2-121-a2a42c5]
	at net.minecraft.server.packs.repository.FolderRepositorySource.lambda$loadPacks$0(FolderRepositorySource.java:54) ~[paper-26.2.jar:26.2-121-a2a42c5]
	at net.minecraft.server.packs.repository.FolderRepositorySource.discoverPacks(FolderRepositorySource.java:80) ~[paper-26.2.jar:26.2-121-a2a42c5]
	at net.minecraft.server.packs.repository.FolderRepositorySource.loadPacks(FolderRepositorySource.java:52) ~[paper-26.2.jar:26.2-121-a2a42c5]
	at net.minecraft.server.packs.repository.PackRepository.discoverAvailable(PackRepository.java:52) ~[paper-26.2.jar:26.2-121-a2a42c5]
	at net.minecraft.server.packs.repository.PackRepository.reload(PackRepository.java:44) ~[paper-26.2.jar:26.2-121-a2a42c5]
	at net.minecraft.server.MinecraftServer.configurePackRepository(MinecraftServer.java:2362) ~[paper-26.2.jar:26.2-121-a2a42c5]
	at net.minecraft.server.WorldLoader$PackConfig.createResourceManager(WorldLoader.java:107) ~[paper-26.2.jar:26.2-121-a2a42c5]
	at java.base/java.util.concurrent.CompletableFuture$AsyncSupply.run(CompletableFuture.java:1789) ~[?:?]
	at net.minecraft.util.Util.blockUntilDone(Util.java:1140) ~[paper-26.2.jar:26.2-121-a2a42c5]
	at net.minecraft.util.Util.blockUntilDone(Util.java:1129) ~[paper-26.2.jar:26.2-121-a2a42c5]
	at net.minecraft.server.Main.main(Main.java:242) ~[paper-26.2.jar:26.2-121-a2a42c5]
	at io.papermc.paper.PaperBootstrap.boot(PaperBootstrap.java:25) ~[paper-26.2.jar:26.2-121-a2a42c5]
	at org.bukkit.craftbukkit.Main.main(Main.java:204) ~[paper-26.2.jar:26.2-121-a2a42c5]
	at io.papermc.paperclip.Paperclip.lambda$main$0(Paperclip.java:42) ~[?:?]
	at java.base/java.lang.Thread.run(Thread.java:1474) ~[?:?]
[16:07:18] [ServerMain/INFO]: Loaded 1585 recipes
[16:07:18] [ServerMain/INFO]: Loaded 1728 advancements
[16:07:18] [Server thread/INFO]: Starting minecraft server version 26.2
[16:07:18] [Server thread/INFO]: Loading properties
[16:07:18] [Server thread/INFO]: This server is running Paper version 26.2-121-main@a2a42c5 (2026-08-29T11:32:25Z) (Implementing API version 26.2.build.121-stable)
[16:07:19] [Server thread/INFO]: [spark] This server bundles the spark profiler. For more information please visit https://docs.papermc.io/paper/profiling
[16:07:19] [Server thread/INFO]: Server Ping Player Sample Count: 12
[16:07:19] [Server thread/INFO]: Using 4 threads for Netty based IO
[16:07:19] [Server thread/INFO]: [MoonriseCommon] Paper is using 1 worker threads, 1 I/O threads
[16:07:20] [Server thread/INFO]: Default game type: SURVIVAL
[16:07:20] [Server thread/INFO]: Generating keypair
[16:07:20] [Server thread/INFO]: Starting Minecraft server on *:25565
[16:07:20] [Server thread/INFO]: Paper: Using libdeflate (Linux x86_64) compression from Velocity.
[16:07:20] [Server thread/INFO]: Paper: Using OpenSSL 3.x.x (Linux x86_64) cipher from Velocity.
[16:07:21] [Server thread/INFO]: [floodgate] Loading server plugin floodgate v2.2.5-SNAPSHOT (b141-81b65cc)
[16:07:22] [Server thread/WARN]: [floodgate] en_ is not a supported Floodgate language.
[16:07:22] [Server thread/INFO]: [floodgate] Took 999ms to boot Floodgate
[16:07:22] [Server thread/INFO]: [ViaVersion] Loading server plugin ViaVersion v5.12.0
[16:07:22] [Server thread/INFO]: [ViaVersion] ViaVersion 5.12.0 is now loaded. Registering protocol transformers and injecting...
[16:07:23] [Server thread/INFO]: [ViaBackwards] Loading translations...
[16:07:23] [Server thread/INFO]: [ViaBackwards] Registering protocols...
[16:07:23] [Server thread/INFO]: [Geyser-Spigot] Loading server plugin Geyser-Spigot v2.11.3-SNAPSHOT
[16:07:24] [Server thread/INFO]: [Geyser-Spigot] Loading extensions...
[16:07:24] [Server thread/INFO]: [Geyser-Spigot] Loaded 0 extension(s)
[16:07:24] [Server thread/INFO]: [ViaBackwards] Loading server plugin ViaBackwards v5.12.0
[16:07:24] [Server thread/INFO]: [CarryOnPaper] Loading server plugin CarryOnPaper v1.0.1
[16:07:24] [Server thread/INFO]: [GravesX] Loading server plugin GravesX v2026.4.9.2
[16:07:24] [Server thread/INFO]: [GravesX] [Modules] No module jars found in plugins/GravesX/modules
[16:07:24] [Server thread/INFO]: [ChestLockLite] Loading server plugin ChestLockLite v1.2.0
[16:07:24] [Server thread/INFO]: [yourShikaBackpacks] Loading server plugin yourShikaBackpacks v1.3.2
[16:07:24] [Server thread/INFO]: [DrugsV2] Loading server plugin DrugsV2 v2.1
[16:07:24] [Server thread/INFO]: [BlockShips] Loading server plugin BlockShips v0.0.17
[16:07:24] [Server thread/INFO]: [SkinsRestorer] Loading server plugin SkinsRestorer v15.12.6
[16:07:24] [Server thread/INFO]: [Waystones] Loading server plugin Waystones v2.4.0
[16:07:24] [Server thread/INFO]: [Hammer] Loading server plugin Hammer v1.0.0
[16:07:24] [Server thread/INFO]: [SkinsRestorer] Enabling SkinsRestorer v15.12.6
[16:07:25] [Server thread/INFO]: [SkinsRestorer] Running on Minecraft 26.2.0.
[16:07:25] [Server thread/INFO]: [SkinsRestorer] Floodgate skin listener registered
[16:07:25] [Server thread/INFO]: [SkinsRestorer] Using paper join listener!
[16:07:26] [Server thread/WARN]: **** SERVER IS RUNNING IN OFFLINE/INSECURE MODE!
[16:07:26] [Server thread/WARN]: The server will make no attempt to authenticate usernames. Beware.
[16:07:26] [Server thread/WARN]: While this makes the game possible to play without internet access, it also opens up the ability for hackers to connect with any username they choose.
[16:07:26] [Server thread/WARN]: To change this, set "online-mode" to "true" in the server.properties file.
[16:07:26] [Server thread/INFO]: Preparing level "world"
[16:07:26] [Folia Async Scheduler Thread #1/INFO]: [SkinsRestorer] ----------------------------------------------
[16:07:26] [Folia Async Scheduler Thread #1/INFO]: [SkinsRestorer]     +===================+
[16:07:26] [Folia Async Scheduler Thread #1/INFO]: [SkinsRestorer]     |   SkinsRestorer   |
[16:07:26] [Folia Async Scheduler Thread #1/INFO]: [SkinsRestorer]     |-------------------|
[16:07:26] [Folia Async Scheduler Thread #1/INFO]: [SkinsRestorer]     |  Standalone Mode  |
[16:07:26] [Folia Async Scheduler Thread #1/INFO]: [SkinsRestorer]     +===================+
[16:07:26] [Folia Async Scheduler Thread #1/INFO]: [SkinsRestorer] ----------------------------------------------
[16:07:26] [Folia Async Scheduler Thread #1/INFO]: [SkinsRestorer]     Version: 15.12.6
[16:07:26] [Folia Async Scheduler Thread #1/INFO]: [SkinsRestorer]     Commit: c8c321f
[16:07:26] [Folia Async Scheduler Thread #1/INFO]: [SkinsRestorer]     This is the latest version!
[16:07:26] [Folia Async Scheduler Thread #1/INFO]: [SkinsRestorer] ----------------------------------------------
[16:07:26] [Folia Async Scheduler Thread #1/INFO]: [SkinsRestorer] Do you have issues? Read our troubleshooting guide: https://skinsrestorer.net/docs/troubleshooting
[16:07:26] [Folia Async Scheduler Thread #1/INFO]: [SkinsRestorer] Want to support SkinsRestorer or receive priority support? Become a supporter: https://skinsrestorer.net/pricing
[16:07:26] [Server thread/INFO]: Loading 0 persistent chunks for level 'minecraft:overworld'...
[16:07:26] [Server thread/INFO]: Prepared spawn area in 1 ms
[16:07:26] [Server thread/INFO]: Loading 0 persistent chunks for level 'minecraft:the_nether'...
[16:07:26] [Server thread/INFO]: Prepared spawn area in 3 ms
[16:07:26] [Server thread/INFO]: Loading 0 persistent chunks for level 'minecraft:the_end'...
[16:07:26] [Server thread/INFO]: Prepared spawn area in 0 ms
[16:07:26] [Server thread/INFO]: Done preparing level "world" (0.498s)
[16:07:26] [Server thread/INFO]: [floodgate] Enabling floodgate v2.2.5-SNAPSHOT (b141-81b65cc)
[16:07:26] [Server thread/INFO]: [ViaVersion] Enabling ViaVersion v5.12.0
[16:07:26] [Server thread/INFO]: [ViaVersion] ViaVersion detected server version: 26.2 (776)
[16:07:26] [Server thread/INFO]: [Geyser-Spigot] Enabling Geyser-Spigot v2.11.3-SNAPSHOT
[16:07:28] [Server thread/INFO]: [ViaBackwards] Enabling ViaBackwards v5.12.0
[16:07:28] [Server thread/INFO]: [CarryOnPaper] Enabling CarryOnPaper v1.0.1
[16:07:28] [Server thread/INFO]: [GravesX] Enabling GravesX v2026.4.9.2
[16:07:28] [Server thread/INFO]: [GravesX] Loading Libraries for GravesX
[16:07:28] [Server thread/WARN]: [GravesX] Paper v.26.2-121-a2a42c5 (MC: 26.2) detected. Using BukkitLibraryManager to download and load libraries.
[16:07:30] [Server thread/INFO]: [GravesX] Finished Loading Libraries for GravesX.
[16:07:30] [Server thread/INFO]: [GravesX] Integration: Hooked into MiniMessage.
[16:07:30] [Server thread/WARN]: [GravesX] Compatibility: Paper or a Paper fork detected. To ensure holograms disappear correctly when looting graves, make sure 'armor-stands-tick' or 'armor-stands.tick' is set to true. This is not a bug.
[16:07:30] [Server thread/INFO]: [GravesX] Integration: Hooked into Geyser-Spigot 2.11.3-SNAPSHOT.
[16:07:30] [Server thread/INFO]: [GravesX] Integration: Hooked into floodgate 2.2.5-SNAPSHOT (b141-81b65cc).
[16:07:30] [Server thread/INFO]: [com.ranull.graves.libraries.hikari.HikariDataSource] GravesX h2 - Starting...
[16:07:31] [Server thread/INFO]: [com.ranull.graves.libraries.hikari.pool.HikariPool] GravesX h2 - Added connection conn0: url=jdbc:h2:file:/workspaces/Server/servidor_minecraft/plugins/GravesX/data/graves.data user=SA
[16:07:31] [Server thread/INFO]: [com.ranull.graves.libraries.hikari.HikariDataSource] GravesX h2 - Start completed.
[16:07:31] [Server thread/INFO]: [GravesX] [Modules] Loading GravesX Modules...
[16:07:31] [Server thread/INFO]: [GravesX] [Modules] Detected 0 module(s).
[16:07:31] [Folia Async Scheduler Thread #2/INFO]: [GravesX] Loading grave maps...
[16:07:31] [Folia Async Scheduler Thread #2/INFO]: [GravesX] Found 0 grave maps to load into cache.
[16:07:31] [Folia Async Scheduler Thread #1/INFO]: [GravesX] Loading Entity Map Cache for armorstand...
[16:07:31] [Folia Async Scheduler Thread #3/INFO]: [GravesX] Loading Block Map cache...
[16:07:31] [Folia Async Scheduler Thread #1/INFO]: [GravesX] Loaded 0 entities into Entity Map Cache for armorstand.
[16:07:31] [Folia Async Scheduler Thread #0/INFO]: [GravesX] Loading Entity Map Cache for itemframe...
[16:07:31] [Folia Async Scheduler Thread #0/INFO]: [GravesX] Loaded 0 entities into Entity Map Cache for itemframe.
[16:07:31] [Folia Async Scheduler Thread #0/INFO]: [GravesX] Loading Holograms into Hologram Map Cache...
[16:07:31] [Folia Async Scheduler Thread #0/INFO]: [GravesX] Loaded 0 Holograms into Hologram Map Cache.
[16:07:31] [Folia Async Scheduler Thread #3/INFO]: [GravesX] Queued 24 Blocks into the Block Map Cache (batched by chunk).
[16:07:31] [Server thread/INFO]: [GravesX] Loading bStats Metrics Manager...
[16:07:31] [Server thread/INFO]: [GravesX] bStats metrics loaded: https://bstats.org/plugin/bukkit/GravesX/23069
[16:07:31] [Server thread/INFO]: [GravesX] bStats legacy metrics loaded: https://bstats.org/plugin/bukkit/Graves/12849
[16:07:31] [Server thread/INFO]: [ChestLockLite] Enabling ChestLockLite v1.2.0
[16:07:31] [Server thread/INFO]: [ChestLockLite] Database connected: /workspaces/Server/servidor_minecraft/plugins/ChestLockLite/locks.db
[16:07:31] [Server thread/INFO]: [ChestLockLite] ChestLockLite has been enabled!
[16:07:31] [Server thread/INFO]: [ChestLockLite] Database initialized successfully!
[16:07:31] [Server thread/INFO]: [yourShikaBackpacks] Enabling yourShikaBackpacks v1.3.2
[16:07:32] [Server thread/WARN]: [yourShikaBackpacks] Auto-Recovery: Unsauberer Shutdown erkannt – offene Backpacks wurden bis zum letzten Speichern wiederhergestellt.
[16:07:32] [Server thread/INFO]: [yourShikaBackpacks] Backpack-Tiers geladen: 7
[16:07:32] [Server thread/INFO]: [yourShikaBackpacks] SQLite-Speicher initialisiert (backpacks.db).
[16:07:32] [Server thread/INFO]: [yourShikaBackpacks] Backpack-Cache aktiv (3 bekannt, Flush alle 5s).
[16:07:32] [Server thread/INFO]: [yourShikaBackpacks] Aktive Hooks: 0/2
[16:07:32] [Server thread/INFO]: [yourShikaBackpacks] Crafting-Rezepte registriert: 1
[16:07:32] [Server thread/INFO]: [yourShikaBackpacks] Upgrade-Rezepte registriert: 13
[16:07:32] [Server thread/INFO]: [yourShikaBackpacks] Funktions-Upgrade-Rezepte registriert: 19
[16:07:32] [Server thread/INFO]: [yourShikaBackpacks] yourShika Backpack's v1.3.2 aktiviert (Paper 26.1.2–26.2 / Java 25).
[16:07:32] [Server thread/INFO]: [DrugsV2] Enabling DrugsV2 v2.1
[16:07:32] [Server thread/INFO]: [DrugsV2] Performance optimizer initialized
[16:07:32] [Server thread/INFO]: [DrugsV2] Loaded achievement settings. System enabled: true
[16:07:32] [Server thread/INFO]: [DrugsV2] Loaded achievement: first-dose (first_drug_use)
[16:07:32] [Server thread/INFO]: [DrugsV2] Loaded achievement: connoisseur (all_drugs_used)
[16:07:32] [Server thread/INFO]: [DrugsV2] Loaded achievement: risky (use_at_max)
[16:07:32] [Server thread/INFO]: [DrugsV2] Loaded achievement: maxed-three (maxed_three)
[16:07:32] [Server thread/INFO]: [DrugsV2] Loaded achievement: clean-slate (decay_full)
[16:07:32] [Server thread/INFO]: [DrugsV2] Loaded achievement: overdose_death (overdose_death)
[16:07:32] [Server thread/INFO]: [DrugsV2] Loaded achievement: overdose_survive (overdose_survive)
[16:07:32] [Server thread/INFO]: [DrugsV2] Loaded 7 achievements
[16:07:32] [Server thread/INFO]: [DrugsV2] Loaded overdose effects configuration. Enabled: true
[16:07:32] [Server thread/INFO]: [DrugsV2] Loaded 101 cannabis strains
[16:07:32] [Server thread/INFO]: [DrugsV2] Loading drug config: heroin
[16:07:32] [Server thread/INFO]: [DrugsV2] Registered drug: heroin
[16:07:32] [Server thread/INFO]: [DrugsV2] Registering recipe for: heroin
[16:07:32] [Server thread/INFO]: [DrugsV2] Attempting to register recipe for: heroin
[16:07:32] [Server thread/INFO]: [DrugsV2] Loading drug config: fent
[16:07:32] [Server thread/INFO]: [DrugsV2] Registered drug: fent
[16:07:32] [Server thread/INFO]: [DrugsV2] Registering recipe for: fent
[16:07:32] [Server thread/INFO]: [DrugsV2] Attempting to register recipe for: fent
[16:07:32] [Server thread/INFO]: [DrugsV2] Loading drug config: shrooms
[16:07:32] [Server thread/INFO]: [DrugsV2] Registered drug: shrooms
[16:07:32] [Server thread/INFO]: [DrugsV2] Registering recipe for: shrooms
[16:07:32] [Server thread/INFO]: [DrugsV2] Attempting to register recipe for: shrooms
[16:07:32] [Server thread/INFO]: [DrugsV2] Loading drug config: meth
[16:07:32] [Server thread/INFO]: [DrugsV2] Registered drug: meth
[16:07:32] [Server thread/INFO]: [DrugsV2] Registering recipe for: meth
[16:07:32] [Server thread/INFO]: [DrugsV2] Attempting to register recipe for: meth
[16:07:32] [Server thread/INFO]: [DrugsV2] Loading drug config: blunt
[16:07:32] [Server thread/INFO]: [DrugsV2] Registered drug: blunt
[16:07:32] [Server thread/INFO]: [DrugsV2] Registering recipe for: blunt
[16:07:32] [Server thread/INFO]: [DrugsV2] Attempting to register recipe for: blunt
[16:07:32] [Server thread/INFO]: [DrugsV2] Loading drug config: cocaine
[16:07:32] [Server thread/INFO]: [DrugsV2] Registered drug: cocaine
[16:07:32] [Server thread/INFO]: [DrugsV2] Registering recipe for: cocaine
[16:07:32] [Server thread/INFO]: [DrugsV2] Attempting to register recipe for: cocaine
[16:07:32] [Server thread/INFO]: [DrugsV2] Loading drug config: joint
[16:07:32] [Server thread/INFO]: [DrugsV2] Registered drug: joint
[16:07:32] [Server thread/INFO]: [DrugsV2] Registering recipe for: joint
[16:07:32] [Server thread/INFO]: [DrugsV2] Attempting to register recipe for: joint
[16:07:32] [Server thread/INFO]: [DrugsV2] Loading drug config: cart
[16:07:32] [Server thread/INFO]: [DrugsV2] Registered drug: cart
[16:07:32] [Server thread/INFO]: [DrugsV2] Registering recipe for: cart
[16:07:32] [Server thread/INFO]: [DrugsV2] Attempting to register recipe for: cart
[16:07:32] [Server thread/INFO]: [DrugsV2] Loading drug config: edible
[16:07:32] [Server thread/INFO]: [DrugsV2] Registered drug: edible
[16:07:32] [Server thread/INFO]: [DrugsV2] Registering recipe for: edible
[16:07:32] [Server thread/INFO]: [DrugsV2] Attempting to register recipe for: edible
[16:07:32] [Server thread/INFO]: [DrugsV2] Loading drug config: glue
[16:07:32] [Server thread/INFO]: [DrugsV2] Registered drug: glue
[16:07:32] [Server thread/INFO]: [DrugsV2] Registering recipe for: glue
[16:07:32] [Server thread/INFO]: [DrugsV2] Attempting to register recipe for: glue
[16:07:32] [Server thread/INFO]: [DrugsV2] Loading drug config: molly
[16:07:32] [Server thread/INFO]: [DrugsV2] Registered drug: molly
[16:07:32] [Server thread/INFO]: [DrugsV2] Registering recipe for: molly
[16:07:32] [Server thread/INFO]: [DrugsV2] Attempting to register recipe for: molly
[16:07:32] [Server thread/INFO]: [DrugsV2] Loaded 11 drugs
[16:07:32] [Server thread/INFO]: [DrugsV2] Registering cure recipe for: cbd
[16:07:32] [Server thread/INFO]: [DrugsV2] Registering cure recipe for: suboxone
[16:07:33] [Server thread/INFO]: [DrugsV2] Tolerance decay now managed by performance optimizer
[16:07:33] [Server thread/INFO]: [DrugsV2] DrugsV2 enabled!
[16:07:33] [Server thread/INFO]: [BlockShips] Enabling BlockShips v0.0.17
[16:07:33] [Server thread/INFO]: [BlockShips] WorldGuard not installed; region protection integration inactive.
[16:07:33] [Server thread/INFO]: [BlockShips] Loaded block configuration for 607 materials from blocks.yml
[16:07:33] [Server thread/INFO]: [BlockShips] [ServerVersion] Parsing version: 26.2.build.121-stable
[16:07:33] [Server thread/INFO]: [BlockShips] [ServerVersion] Detected version: 26.2.0
[16:07:33] [Server thread/INFO]: [BlockShips] [SteerPacketCompat] Sprint available in STEER_VEHICLE packet (1.21.2+)
[16:07:33] [Server thread/INFO]: [BlockShips] Using Paper PlayerInputEvent for ship controls (ProtocolLib not required)
[16:07:33] [Server thread/WARN]: [org.bukkit.configuration.file.YamlConstructor] duplicate keys found : PINK
[16:07:33] [Server thread/INFO]: [BlockShips] Loaded texture sets: CRATES (13), HULL_PIECES (13), BALLOONS (13), SHIP_WHEEL_SET (2)
[16:07:33] [Server thread/INFO]: Environment: Environment[sessionHost=https://sessionserver.mojang.com, servicesHost=https://api.minecraftservices.com, profilesHost=https://api.mojang.com, name=PROD]
[16:07:33] [Server thread/INFO]: [BlockShips] Loaded prefab ships: smallship (10 blocks), bigship (55 blocks), smallairship (15 blocks)
[16:07:33] [Server thread/INFO]: [BlockShips] Registered recipes: balloon, ship_wheel, captains_manual, smallship, bigship, smallairship
[16:07:33] [Server thread/INFO]: [BlockShips] Loaded 0 ship wheels
[16:07:33] [Server thread/INFO]: [BlockShips] Special drowned spawning enabled.
[16:07:33] [Server thread/INFO]: [BlockShips] BlockShips enabled.
[16:07:33] [Server thread/INFO]: [Waystones] Enabling Waystones v2.4.0
[16:07:34] [Server thread/INFO]: [xyz.atrius.waystones.config.DatabaseModule] Attempting to load database configuration...
[16:07:34] [Server thread/INFO]: [xyz.atrius.waystones.manager.DatabaseManager] Performing database migrations...
[16:07:34] [Server thread/INFO]: [org.flywaydb.core.FlywayExecutor] Database: jdbc:sqlite:plugins/Waystones/waystones.db (SQLite 3.49)
[16:07:34] [Server thread/INFO]: [org.flywaydb.core.internal.command.DbValidate] Successfully validated 2 migrations (execution time 00:00.014s)
[16:07:34] [Server thread/INFO]: [org.flywaydb.core.internal.command.DbMigrate] Current version of schema "main": 20260618120000
[16:07:34] [Server thread/INFO]: [org.flywaydb.core.internal.command.DbMigrate] Schema "main" is up to date. No migration necessary.
[16:07:34] [Server thread/INFO]: [xyz.atrius.waystones.manager.DatabaseManager] No new migrations performed!
[16:07:34] [Server thread/INFO]: [xyz.atrius.waystones.manager.DatabaseManager] Creating connection to database...
[16:07:34] [Server thread/INFO]: [xyz.atrius.waystones.manager.DatabaseManager] Connection generated!
[16:07:34] [Server thread/INFO]: [xyz.atrius.waystones.data.JsonFile] Loading warpnames.json...
[16:07:34] [Server thread/INFO]: [xyz.atrius.waystones.data.JsonFile] Loaded warpnames.json successfully!
[16:07:34] [Server thread/INFO]: [xyz.atrius.waystones.data.JsonFile] Loading ratios.json...
[16:07:34] [Server thread/INFO]: [xyz.atrius.waystones.data.JsonFile] Loaded ratios.json successfully!
[16:07:34] [Server thread/INFO]: [xyz.atrius.waystones.manager.EventManager] Loading 9 event subscriber(s)...
[16:07:34] [Server thread/INFO]: [xyz.atrius.waystones.manager.EventManager] Events loaded!
[16:07:34] [Server thread/INFO]: [xyz.atrius.waystones.manager.CraftingRecipeManager] Loading recipes!
[16:07:34] [Server thread/INFO]: [xyz.atrius.waystones.manager.CraftingRecipeManager] Recipes loaded!
[16:07:34] [Server thread/INFO]: [xyz.atrius.waystones.manager.AdvancementManager] Loading 10 advancements...
[16:07:34] [Server thread/INFO]: [xyz.atrius.waystones.manager.AdvancementManager] Loading advancement 'waystones:waystones'
[16:07:34] [Server thread/WARN]: [xyz.atrius.waystones.manager.AdvancementManager] Failed to load advancement: Advancement waystones:waystones already exists
[16:07:34] [Server thread/INFO]: [xyz.atrius.waystones.manager.AdvancementManager] Loading advancement 'waystones:secret_tunnel'
[16:07:35] [Server thread/WARN]: [xyz.atrius.waystones.manager.AdvancementManager] Failed to load advancement: Advancement waystones:secret_tunnel already exists
[16:07:35] [Server thread/INFO]: [xyz.atrius.waystones.manager.AdvancementManager] Loading advancement 'waystones:blocked'
[16:07:35] [Server thread/WARN]: [xyz.atrius.waystones.manager.AdvancementManager] Failed to load advancement: Advancement waystones:blocked already exists
[16:07:35] [Server thread/INFO]: [xyz.atrius.waystones.manager.AdvancementManager] Loading advancement 'waystones:i_dont_feel_so_good'
[16:07:35] [Server thread/WARN]: [xyz.atrius.waystones.manager.AdvancementManager] Failed to load advancement: Advancement waystones:i_dont_feel_so_good already exists
[16:07:35] [Server thread/INFO]: [xyz.atrius.waystones.manager.AdvancementManager] Loading advancement 'waystones:quantum_domestication'
[16:07:35] [Server thread/WARN]: [xyz.atrius.waystones.manager.AdvancementManager] Failed to load advancement: Advancement waystones:quantum_domestication already exists
[16:07:35] [Server thread/INFO]: [xyz.atrius.waystones.manager.AdvancementManager] Loading advancement 'waystones:heavy_artillery'
[16:07:35] [Server thread/WARN]: [xyz.atrius.waystones.manager.AdvancementManager] Failed to load advancement: Advancement waystones:heavy_artillery already exists
[16:07:35] [Server thread/INFO]: [xyz.atrius.waystones.manager.AdvancementManager] Loading advancement 'waystones:clean_energy'
[16:07:35] [Server thread/WARN]: [xyz.atrius.waystones.manager.AdvancementManager] Failed to load advancement: Advancement waystones:clean_energy already exists
[16:07:35] [Server thread/INFO]: [xyz.atrius.waystones.manager.AdvancementManager] Loading advancement 'waystones:121_gigawarps'
[16:07:35] [Server thread/WARN]: [xyz.atrius.waystones.manager.AdvancementManager] Failed to load advancement: Advancement waystones:121_gigawarps already exists
[16:07:35] [Server thread/INFO]: [xyz.atrius.waystones.manager.AdvancementManager] Loading advancement 'waystones:unlimited_power'
[16:07:35] [Server thread/WARN]: [xyz.atrius.waystones.manager.AdvancementManager] Failed to load advancement: Advancement waystones:unlimited_power already exists
[16:07:35] [Server thread/INFO]: [xyz.atrius.waystones.manager.AdvancementManager] Loading advancement 'waystones:shoot_the_messenger'
[16:07:35] [Server thread/WARN]: [xyz.atrius.waystones.manager.AdvancementManager] Failed to load advancement: Advancement waystones:shoot_the_messenger already exists
[16:07:35] [Server thread/INFO]: [xyz.atrius.waystones.manager.AdvancementManager] Loading complete!
[16:07:35] [Server thread/INFO]: [xyz.atrius.waystones.manager.CommandManager] Commands loaded!
[16:07:35] [Server thread/INFO]: [xyz.atrius.waystones.WaystonesInitializer] Waystones loaded!
[16:07:35] [Server thread/INFO]: [Hammer] Enabling Hammer v1.0.0
[16:07:35] [Server thread/INFO]: [spark] Starting background profiler...
[16:07:35] [Server thread/INFO]: [xyz.atrius.waystones.manager.CommandManager] Loading command ws
[16:07:36] [Server thread/INFO]: [Geyser-Spigot] ******************************************
[16:07:36] [Server thread/INFO]: [Geyser-Spigot] 
[16:07:36] [Server thread/INFO]: [Geyser-Spigot] Loading Geyser version 2.11.3-b1247 (git-master-63a4e2b)
[16:07:36] [Server thread/INFO]: [Geyser-Spigot] 
[16:07:36] [Server thread/INFO]: [Geyser-Spigot] ******************************************
[16:07:36] [Server thread/INFO]: [Geyser-Spigot] Registered 199 custom block overrides.
[16:07:36] [Server thread/INFO]: [Geyser-Spigot] Registered 2 custom block item overrides.
[16:07:36] [Server thread/INFO]: [Geyser-Spigot] Registered 7 custom blocks.
[16:07:38] [Server thread/INFO]: [Geyser-Spigot] Registered 1 custom items
[16:07:39] [GeyserServer-3-1/INFO]: [Geyser-Spigot] Started Geyser on UDP port 16466
[16:07:39] [Server thread/INFO]: [Geyser-Spigot] Done (3.244s)! Run /geyser help for help!
[16:07:39] [Server thread/INFO]: Saving chunks for level 'ServerLevel[world]'/minecraft:overworld
[16:07:39] [Server thread/INFO]: Saving chunks for level 'ServerLevel[world]'/minecraft:the_nether
[16:07:39] [Server thread/INFO]: Saving chunks for level 'ServerLevel[world]'/minecraft:the_end
[16:07:39] [Server thread/INFO]: ThreadedAnvilChunkStorage (world): All chunks are saved
[16:07:39] [Server thread/INFO]: ThreadedAnvilChunkStorage (DIM-1): All chunks are saved
[16:07:39] [Server thread/INFO]: ThreadedAnvilChunkStorage (DIM1): All chunks are saved
[16:07:39] [Server thread/INFO]: ThreadedAnvilChunkStorage: All dimensions are saved
[16:07:39] [Server thread/INFO]: Running delayed init tasks
[16:07:39] [Server thread/INFO]: Done (35.099s)! For help, type "help"
[16:07:39] [Craft Scheduler Thread - 2 - ViaVersion/INFO]: [ViaVersion] Finished mapping loading, shutting down loader executor.
[16:07:39] [Server thread/INFO]: [GravesX] Registering Soft Crash Handler...
[16:07:39] [Server thread/INFO]: [GravesX] Registered Soft Crash Handler. Server will handle crashes in a separate thread. This does not work on hard crashes.
[16:07:39] [Paper Async Task Handler Thread - 1/INFO]: *** Currently you are 8 builds behind ***
[16:07:39] [Paper Async Task Handler Thread - 1/INFO]: *** It is highly recommended to download the latest build from https://papermc.io/downloads/paper ***
[16:08:26] [Server thread/INFO]: Stopping the server
[16:08:26] [Server console handler/ERROR]: Caught previously unhandled exception :
java.io.IOError: java.io.IOException: Input/output error
	at org.jline.keymap.BindingReader.readCharacter(BindingReader.java:170) ~[jline-reader-3.20.0.jar:?]
	at org.jline.keymap.BindingReader.readBinding(BindingReader.java:110) ~[jline-reader-3.20.0.jar:?]
	at org.jline.keymap.BindingReader.readBinding(BindingReader.java:61) ~[jline-reader-3.20.0.jar:?]
	at org.jline.reader.impl.LineReaderImpl.doReadBinding(LineReaderImpl.java:923) ~[jline-reader-3.20.0.jar:?]
	at org.jline.reader.impl.LineReaderImpl.readBinding(LineReaderImpl.java:956) ~[jline-reader-3.20.0.jar:?]
	at org.jline.reader.impl.LineReaderImpl.readLine(LineReaderImpl.java:651) ~[jline-reader-3.20.0.jar:?]
	at org.jline.reader.impl.LineReaderImpl.readLine(LineReaderImpl.java:468) ~[jline-reader-3.20.0.jar:?]
	at net.minecrell.terminalconsole.SimpleTerminalConsole.readCommands(SimpleTerminalConsole.java:158) ~[terminalconsoleappender-1.3.0.jar:?]
	at net.minecrell.terminalconsole.SimpleTerminalConsole.start(SimpleTerminalConsole.java:141) ~[terminalconsoleappender-1.3.0.jar:?]
	at net.minecraft.server.dedicated.DedicatedServer$1.run(DedicatedServer.java:175) ~[paper-26.2.jar:26.2-121-a2a42c5]
Caused by: java.io.IOException: Input/output error
	at java.base/java.io.FileInputStream.read0(Native Method) ~[?:?]
	at java.base/java.io.FileInputStream.read(FileInputStream.java:201) ~[?:?]
	at java.base/java.io.FilterInputStream.read(FilterInputStream.java:71) ~[?:?]
	at org.jline.terminal.impl.AbstractPty$1.read(AbstractPty.java:58) ~[jline-terminal-3.27.1.jar:?]
	at org.jline.terminal.impl.AbstractPty$PtyInputStream.read(AbstractPty.java:124) ~[jline-terminal-3.27.1.jar:?]
	at org.jline.utils.NonBlockingInputStream.read(NonBlockingInputStream.java:62) ~[jline-terminal-3.27.1.jar:?]
	at org.jline.utils.NonBlocking$NonBlockingInputStreamReader.read(NonBlocking.java:157) ~[jline-terminal-3.27.1.jar:?]
	at org.jline.utils.NonBlockingReader.read(NonBlockingReader.java:56) ~[jline-terminal-3.27.1.jar:?]
	at org.jline.keymap.BindingReader.readCharacter(BindingReader.java:160) ~[jline-reader-3.20.0.jar:?]
	... 9 more
[16:08:26] [Server thread/INFO]: Stopping server
[16:08:26] [Server thread/INFO]: [Hammer] Disabling Hammer v1.0.0
[16:08:26] [Server thread/INFO]: [Waystones] Disabling Waystones v2.4.0
[16:08:26] [Server thread/INFO]: [xyz.atrius.waystones.manager.DatabaseManager] Shutting down database connection...
[16:08:26] [Server thread/INFO]: [xyz.atrius.waystones.WaystonesInitializer] Waystones disabled!
[16:08:26] [Server thread/INFO]: [SkinsRestorer] Disabling SkinsRestorer v15.12.6
[16:08:26] [Server thread/INFO]: [BlockShips] Disabling BlockShips v0.0.17
[16:08:26] [Server thread/INFO]: [BlockShips] Saved 0 ship wheels to ship_wheels.yml
[16:08:26] [Server thread/INFO]: [BlockShips] BlockShips disabled.
[16:08:26] [Server thread/INFO]: [DrugsV2] Disabling DrugsV2 v2.1
[16:08:26] [Server thread/INFO]: [DrugsV2] DrugsV2 disabled.
[16:08:26] [Server thread/INFO]: [yourShikaBackpacks] Disabling yourShikaBackpacks v1.3.2
[16:08:27] [Server thread/INFO]: [yourShikaBackpacks] yourShika Backpack's deaktiviert.
[16:08:27] [Server thread/INFO]: [ChestLockLite] Disabling ChestLockLite v1.2.0
[16:08:27] [Server thread/INFO]: [ChestLockLite] Database connection closed
[16:08:27] [Server thread/INFO]: [ChestLockLite] ChestLockLite has been disabled!
[16:08:27] [Server thread/INFO]: [GravesX] Disabling GravesX v2026.4.9.2
[16:08:27] [Server thread/INFO]: [GravesX] [Modules] Disabling modules...
[16:08:27] [Server thread/INFO]: [GravesX] [Modules] All modules have been disabled. Running remaining shutdown tasks.
[16:08:27] [Server thread/INFO]: [GravesX] Waiting for pending grave database writes to finish...
[16:08:27] [Server thread/INFO]: [GravesX] All pending database writes completed.
[16:08:27] [Server thread/INFO]: [GravesX] Saving Grave inventories before shutting down...
[16:08:27] [Server thread/INFO]: [GravesX] Grave inventories saved.
[16:08:27] [Server thread/INFO]: [GravesX] Shutting Down GravesX...
[16:08:27] [Server thread/INFO]: [GravesX] Unloading and Shutting Down DataManager...
[16:08:27] [Server thread/INFO]: [com.ranull.graves.libraries.hikari.HikariDataSource] GravesX h2 - Shutdown initiated...
[16:08:27] [Server thread/INFO]: [com.ranull.graves.libraries.hikari.HikariDataSource] GravesX h2 - Shutdown completed.
[16:08:27] [Server thread/INFO]: [GravesX] Unloaded DataManager Successfully.
[16:08:27] [Server thread/INFO]: [GravesX] Unloading GraveManager...
[16:08:27] [Server thread/INFO]: [GravesX] Unloaded GraveManager Successfully.
[16:08:27] [Server thread/INFO]: [GravesX] Unloading IntegrationManager...
[16:08:27] [Server thread/INFO]: [GravesX] Unloaded IntegrationManager Successfully.
[16:08:27] [Server thread/INFO]: [GravesX] Unloading RecipeManager...
[16:08:27] [Server thread/INFO]: [GravesX] Unloaded RecipeManager Successfully.
[16:08:27] [Server thread/INFO]: [GravesX] Unloading DebugManager...
[16:08:27] [Server thread/INFO]: [GravesX] Unloaded DebugManager Successfully.
[16:08:27] [Server thread/INFO]: [GravesX] Shutting down SchedulerManager...
[16:08:27] [Server thread/INFO]: [GravesX] Shutting down SchedulerManager Successfully.
[16:08:27] [Server thread/INFO]: [GravesX] Shutdown Completed :)
[16:08:27] [Server thread/INFO]: [CarryOnPaper] Disabling CarryOnPaper v1.0.1
[16:08:27] [Server thread/INFO]: [ViaBackwards] Disabling ViaBackwards v5.12.0
[16:08:27] [Server thread/INFO]: [Geyser-Spigot] Disabling Geyser-Spigot v2.11.3-SNAPSHOT
[16:08:27] [Server thread/INFO]: [Geyser-Spigot] Shutting down Geyser.
[16:08:27] [Server thread/INFO]: [Geyser-Spigot] Geyser shutdown successfully.
[16:08:27] [Server thread/INFO]: [ViaVersion] Disabling ViaVersion v5.12.0
[16:08:27] [Server thread/INFO]: [ViaVersion] ViaVersion has been disabled; uninjected the platform and shut down the scheduler.
[16:08:27] [Server thread/INFO]: [floodgate] Disabling floodgate v2.2.5-SNAPSHOT (b141-81b65cc)
[16:08:27] [Server thread/INFO]: Saving players
[16:08:27] [Server thread/INFO]: Saving worlds
[16:08:27] [Server thread/INFO]: Saving chunks for level 'ServerLevel[world]'/minecraft:overworld
[16:08:27] [Server thread/INFO]: [ChunkHolderManager] Waiting 60s for chunk system to halt for world 'minecraft:overworld'
[16:08:27] [Server thread/INFO]: [ChunkHolderManager] Halted chunk system for world 'minecraft:overworld'
[16:08:27] [Server thread/INFO]: [ChunkHolderManager] Saving all chunkholders for world 'minecraft:overworld'
[16:08:27] [Server thread/INFO]: [ChunkHolderManager] Saved 0 block chunks, 0 entity chunks, 0 poi chunks in world 'minecraft:overworld' in 0.00s
[16:08:27] [Server thread/INFO]: [ChunkHolderManager] Waiting 60s for chunk I/O to halt for world 'minecraft:overworld'
[16:08:27] [Server thread/INFO]: [ChunkHolderManager] Halted I/O scheduler for world 'minecraft:overworld'
[16:08:27] [Server thread/INFO]: Saving chunks for level 'ServerLevel[world]'/minecraft:the_nether
[16:08:27] [Server thread/INFO]: [ChunkHolderManager] Waiting 60s for chunk system to halt for world 'minecraft:the_nether'
[16:08:27] [Server thread/INFO]: [ChunkHolderManager] Halted chunk system for world 'minecraft:the_nether'
[16:08:27] [Server thread/INFO]: [ChunkHolderManager] Saving all chunkholders for world 'minecraft:the_nether'
[16:08:27] [Server thread/INFO]: [ChunkHolderManager] Saved 0 block chunks, 0 entity chunks, 0 poi chunks in world 'minecraft:the_nether' in 0.00s
[16:08:27] [Server thread/INFO]: [ChunkHolderManager] Waiting 60s for chunk I/O to halt for world 'minecraft:the_nether'
[16:08:27] [Server thread/INFO]: [ChunkHolderManager] Halted I/O scheduler for world 'minecraft:the_nether'
[16:08:27] [Server thread/INFO]: Saving chunks for level 'ServerLevel[world]'/minecraft:the_end
[16:08:27] [Server thread/INFO]: [ChunkHolderManager] Waiting 60s for chunk system to halt for world 'minecraft:the_end'
[16:08:27] [Server thread/INFO]: [ChunkHolderManager] Halted chunk system for world 'minecraft:the_end'
[16:08:27] [Server thread/INFO]: [ChunkHolderManager] Saving all chunkholders for world 'minecraft:the_end'
[16:08:27] [Server thread/INFO]: [ChunkHolderManager] Saved 0 block chunks, 0 entity chunks, 0 poi chunks in world 'minecraft:the_end' in 0.00s
[16:08:27] [Server thread/INFO]: [ChunkHolderManager] Waiting 60s for chunk I/O to halt for world 'minecraft:the_end'
[16:08:27] [Server thread/INFO]: [ChunkHolderManager] Halted I/O scheduler for world 'minecraft:the_end'
[16:08:27] [Server thread/INFO]: ThreadedAnvilChunkStorage (world): All chunks are saved
[16:08:27] [Server thread/INFO]: ThreadedAnvilChunkStorage (DIM-1): All chunks are saved
[16:08:27] [Server thread/INFO]: ThreadedAnvilChunkStorage (DIM1): All chunks are saved
[16:08:27] [Server thread/INFO]: ThreadedAnvilChunkStorage: All dimensions are saved
[16:08:27] [Server thread/INFO]: Waiting for all RegionFile I/O tasks to complete...
[16:08:27] [Server thread/INFO]: All RegionFile I/O tasks to complete
[16:08:27] [Server thread/INFO]: [MoonriseCommon] Awaiting termination of worker pool for up to 60s...
[16:08:27] [Server thread/INFO]: [MoonriseCommon] Awaiting termination of I/O pool for up to 60s...
